10-29 15:58:37.000  1069 17235 D audio_hw_waves: ma_set_device: 53 is not supported usecase
10-29 15:58:37.000  1069 17235 D ACDB-LOADER: ACDB -> send_audio_cal, acdb_id = 512, path = 1, app id = 0x11132, sample rate = 8000, afe_sample_rate = 8000
10-29 15:58:37.000  1069 17235 D ACDB-LOADER: ACDB -> send_asm_topology
10-29 15:58:37.000  1069 17235 D ACDB-LOADER: ACDB -> ACDB_CMD_GET_AUDPROC_STREAM_TOPOLOGY_ID
10-29 15:58:37.001  1069 17235 D ACDB-LOADER: ACDB -> send_adm_topology
10-29 15:58:37.001  1069 17235 D ACDB-LOADER: ACDB -> ACDB_CMD_GET_AUDPROC_COMMON_TOPOLOGY_ID
10-29 15:58:37.001  1069 17235 D ACDB-LOADER: ACDB -> send_audtable
10-29 15:58:37.001  1069 17235 D ACDB-LOADER: ACDB -> ACDB_CMD_GET_AUDPROC_INSTANCE_COMMON_TABLE_SIZE
10-29 15:58:37.001  1069 17235 D android.hardware.audio.service: Failed to fetch the lookup information of the device 00000200 
10-29 15:58:37.001  1069 17235 D ACDB-LOADER: Error: ACDB_CMD_GET_AUDPROC_INSTANCE_COMMON_TABLE_SIZE Returned = -19
10-29 15:58:37.001  1069 17235 D ACDB-LOADER: ACDB -> ACDB_CMD_GET_AUDPROC_INSTANCE_COMMON_TABLE
10-29 15:58:37.001  1069 17235 D android.hardware.audio.service: Failed to fetch the lookup information of the device 00000200 
10-29 15:58:37.001  1069 17235 D ACDB-LOADER: Error: ACDB audproc returned = -19
10-29 15:58:37.001  1069 17235 D ACDB-LOADER: ACDB -> AUDIO_SET_AUDPROC_CAL cal_type[11] acdb_id[512] app_type[69938]
10-29 15:58:37.001  1069 17235 D ACDB-LOADER: ACDB -> ACDB_CMD_GET_AUDPROC_INSTANCE_STREAM_TABLE_SIZE
10-29 15:58:37.001  1069 17235 D ACDB-LOADER: ACDB -> send_audstrmtable
10-29 15:58:37.001  1069 17235 D ACDB-LOADER: ACDB -> ACDB_CMD_GET_AUDPROC_INSTANCE_STREAM_TABLE
10-29 15:58:37.001  1069 17235 D ACDB-LOADER: ACDB -> audstrm_cal->cal_type.cal_data.cal_size = 20
10-29 15:58:37.001  1069 17235 D ACDB-LOADER: ACDB -> send_afe_topology
10-29 15:58:37.001  1069 17235 D ACDB-LOADER: ACDB -> ACDB_CMD_GET_AFE_TOPOLOGY_ID
10-29 15:58:37.001  1069 17235 D ACDB-LOADER: ACDB -> GET_AFE_TOPOLOGY_ID for adcd_id 512, Topology Id 10001ccc
10-29 15:58:37.001  1069 17235 D ACDB-LOADER: ACDB -> send_afe_cal
10-29 15:58:37.001  1069 17235 D ACDB-LOADER: ACDB -> ACDB_CMD_GET_AFE_INSTANCE_COMMON_TABLE_SIZE
10-29 15:58:37.001  1069 17235 D android.hardware.audio.service: Failed to fetch the lookup information of the device 00000200 
10-29 15:58:37.001  1069 17235 D ACDB-LOADER: Error: ACDB_CMD_GET_AFE_INSTANCE_COMMON_TABLE_SIZE Returned = -19
10-29 15:58:37.001  1069 17235 D ACDB-LOADER: ACDB -> ACDB_CMD_GET_AFE_INSTANCE_COMMON_TABLE
10-29 15:58:37.001  1069 17235 D android.hardware.audio.service: Failed to fetch the lookup information of the device 00000200 
10-29 15:58:37.001  1069 17235 D ACDB-LOADER: Error: ACDB AFE returned = -19
10-29 15:58:37.001  1069 17235 D ACDB-LOADER: ACDB -> AUDIO_SET_AFE_CAL cal_type[17] acdb_id[512]
10-29 15:58:37.001  1069 17235 D ACDB-LOADER: ACDB -> send_hw_delay : acdb_id = 512 path = 1
10-29 15:58:37.001  1069 17235 D ACDB-LOADER: ACDB -> ACDB_AVSYNC_INFO: ACDB_CMD_GET_DEVICE_PROPERTY
10-29 15:58:37.001  1069 17235 D audio_hw_primary: enable_audio_route: apply mixer and update path: spkr-vi-record vi-feedback
10-29 15:58:37.002  1069 17235 D audio_route: Apply path: spkr-vi-record vi-feedback
10-29 15:58:37.004 18240 18240 D EventLogger: state [eventTime=0.45, mediaPos=0.08, window=0, period=0, true, READY]
10-29 15:58:37.008 18240 18240 D EventLogger: isPlaying [eventTime=0.45, mediaPos=0.08, window=0, period=0, true]
10-29 15:58:37.009 18240 18554 D TrafficStats: tagSocket(176) with statsTag=0xffffffff, statsUid=-1
10-29 15:58:37.024   712   754 E qdgralloc: Unknown Color Space = 2
10-29 15:58:37.029  1069 17235 D soundtrigger: audio_extn_sound_trigger_update_stream_status: uc_info->id 0 of type 0 for Event 3, with Raise=1
10-29 15:58:37.029  1069 17235 V SoundTriggerHAL: compare_device_type: device types 2 match
10-29 15:58:37.029  1069 17235 D SoundTriggerHAL: update_rx_conditions: updated rx_concurrency as 1
10-29 15:58:37.029  1069 17235 D SoundTriggerHAL: sound_trigger_hw_call_back: handle playback stream active
10-29 15:58:37.029  1069 17235 D audio_hw_utils: audio_extn_utils_send_app_type_cfg: usecase->out_snd_device speaker
10-29 15:58:37.029  1069 17235 I audio_hw_utils: send_app_type_cfg_for_device PLAYBACK app_type 69940, acdb_dev_id 513, sample_rate 48000, snd_device_be_idx 87
10-29 15:58:37.029  1069 17235 E ACDB-LOADER: [acdb_loader_adsp_set_audio_cal] active device/stream not found (result=-100) for topology 0x10000aaa and apptype 0x11134
10-29 15:58:37.029  1069 17235 E ACDB-LOADER: [acdb_loader_adsp_set_audio_cal] set parameters failed with status -100
10-29 15:58:37.030  1069 17235 D ACDB-LOADER: ACDB -> send_audio_cal, acdb_id = 513, path = 0, app id = 0x11134, sample rate = 48000, afe_sample_rate = 48000
10-29 15:58:37.030  1069 17235 D ACDB-LOADER: ACDB -> send_asm_topology
10-29 15:58:37.030  1069 17235 D ACDB-LOADER: ACDB -> ACDB_CMD_GET_AUDPROC_STREAM_TOPOLOGY_ID
10-29 15:58:37.030  1069 17235 D ACDB-LOADER: ACDB -> send_adm_topology
10-29 15:58:37.030  1069 17235 D ACDB-LOADER: ACDB -> ACDB_CMD_GET_AUDPROC_COMMON_TOPOLOGY_ID
10-29 15:58:37.030  1069 17235 D ACDB-LOADER: ACDB -> send_audtable
10-29 15:58:37.030  1069 17235 D ACDB-LOADER: ACDB -> ACDB_CMD_GET_AUDPROC_INSTANCE_COMMON_TABLE_SIZE
10-29 15:58:37.030  1069 17235 D ACDB-LOADER: ACDB -> ACDB_CMD_GET_AUDPROC_INSTANCE_COMMON_TABLE
10-29 15:58:37.030  1069 17235 D ACDB-LOADER: ACDB -> AUDIO_SET_AUDPROC_CAL cal_type[11] acdb_id[513] app_type[69940]
10-29 15:58:37.030  1069 17235 D ACDB-LOADER: ACDB -> send_audvoltable
10-29 15:58:37.030  1069 17235 D ACDB-LOADER: ACDB -> ACDB_CMD_GET_AUDPROC_INSTANCE_GAIN_DEP_STEP_TABLE_SIZE
10-29 15:58:37.030  1069 17235 D android.hardware.audio.service: Failed to fetch the lookup information of the device 00000201 
10-29 15:58:37.030  1069 17235 D ACDB-LOADER: Error: ACDB_CMD_GET_AUDPROC_INSTANCE_GAIN_DEP_STEP_TABLE_SIZE Returned = -19
10-29 15:58:37.030  1069 17235 D ACDB-LOADER: ACDB -> ACDB_CMD_GET_AUDPROC_INSTANCE_GAIN_DEP_STEP_TABLE, vol index 0
10-29 15:58:37.030  1069 17235 D android.hardware.audio.service: Failed to fetch the lookup information of the device 00000201 
10-29 15:58:37.030  1069 17235 D ACDB-LOADER: Error: ACDB AudProc vol returned = -19
10-29 15:58:37.030  1069 17235 D ACDB-LOADER: ACDB -> AUDIO_SET_VOL_CAL cal type = 12
10-29 15:58:37.030  1069 17235 D ACDB-LOADER: ACDB -> ACDB_CMD_GET_AUDPROC_INSTANCE_STREAM_TABLE_SIZE
10-29 15:58:37.030  1069 17235 D ACDB-LOADER: ACDB -> send_audstrmtable
10-29 15:58:37.030  1069 17235 D ACDB-LOADER: ACDB -> ACDB_CMD_GET_AUDPROC_INSTANCE_STREAM_TABLE
10-29 15:58:37.030  1069 17235 D ACDB-LOADER: ACDB -> audstrm_cal->cal_type.cal_data.cal_size = 536
10-29 15:58:37.030  1069 17235 D ACDB-LOADER: ACDB -> send_afe_topology
10-29 15:58:37.030  1069 17235 D ACDB-LOADER: ACDB -> ACDB_CMD_GET_AFE_TOPOLOGY_ID
10-29 15:58:37.030  1069 17235 D ACDB-LOADER: ACDB -> GET_AFE_TOPOLOGY_ID for adcd_id 513, Topology Id 10000ccc
10-29 15:58:37.030  1069 17235 D ACDB-LOADER: ACDB -> send_afe_cal
10-29 15:58:37.030  1069 17235 D ACDB-LOADER: ACDB -> ACDB_CMD_GET_AFE_INSTANCE_COMMON_TABLE_SIZE
10-29 15:58:37.030  1069 17235 D ACDB-LOADER: ACDB -> ACDB_CMD_GET_AFE_INSTANCE_COMMON_TABLE
10-29 15:58:37.030  1069 17235 D ACDB-LOADER: ACDB -> AUDIO_SET_AFE_CAL cal_type[16] acdb_id[513]
10-29 15:58:37.030  1069 17235 D ACDB-LOADER: ACDB -> send_hw_delay : acdb_id = 513 path = 0
10-29 15:58:37.030  1069 17235 D ACDB-LOADER: ACDB -> ACDB_AVSYNC_INFO: ACDB_CMD_GET_DEVICE_PROPERTY
10-29 15:58:37.030  1069 17235 D audio_hw_primary: enable_audio_route: apply mixer and update path: deep-buffer-playback speaker
10-29 15:58:37.030  1069 17235 D audio_route: Apply path: deep-buffer-playback speaker
10-29 15:58:37.034  1069 17235 D msm8974_platform: platform_set_channel_map mixer_ctl_name:Playback Channel Map0
10-29 15:58:37.034  1069 17235 D msm8974_platform: platform_set_channel_map: set mapping(1 2 0 0 0 0 0 0) for channel:2
10-29 15:58:37.067 18209 18231 I appium  : channel read: POST /wd/hub/session/cb636939-470b-43e6-a9e7-9fcac828c7fc/element
10-29 15:58:37.067 18209 18231 I appium  : FindElement command
10-29 15:58:37.068 18209 18231 I appium  : method: 'id', selector: 'com.vtvcab.onsports.dev:id/onsport_pause'
10-29 15:58:37.069 18209 18231 I appium  : Waiting up to 10000ms for the device to idle
10-29 15:58:37.075  1069 17235 D audio_hw_primary: out_write: retry previous failed cal level set
10-29 15:58:37.075  1069 17235 D ACDB-LOADER: ACDB -> send_audvoltable
10-29 15:58:37.075  1069 17235 D ACDB-LOADER: ACDB -> ACDB_CMD_GET_AUDPROC_INSTANCE_GAIN_DEP_STEP_TABLE_SIZE
10-29 15:58:37.075  1069 17235 D android.hardware.audio.service: Failed to fetch the lookup information of the device 00000201 
10-29 15:58:37.075  1069 17235 D ACDB-LOADER: Error: ACDB_CMD_GET_AUDPROC_INSTANCE_GAIN_DEP_STEP_TABLE_SIZE Returned = -19
10-29 15:58:37.075  1069 17235 D ACDB-LOADER: ACDB -> ACDB_CMD_GET_AUDPROC_INSTANCE_GAIN_DEP_STEP_TABLE, vol index 5
10-29 15:58:37.075  1069 17235 D android.hardware.audio.service: Failed to fetch the lookup information of the device 00000201 
10-29 15:58:37.075  1069 17235 D ACDB-LOADER: Error: ACDB AudProc vol returned = -19
10-29 15:58:37.075  1069 17235 D ACDB-LOADER: ACDB -> AUDIO_SET_VOL_CAL cal type = 40
10-29 15:58:37.075  1069 17235 W msm8974_platform: platform_send_gain_dep_cal: Usecase list is empty
10-29 15:58:37.076  1069 17235 W StreamHAL: Error from HAL stream in function get_presentation_position: Operation not permitted
10-29 15:58:37.088 18240 18538 D AudioTrack: getTimestamp_l(147): device stall time corrected using current time 57683403838157
10-29 15:58:37.172  1151  1872 D AudioFlinger: mixer(0xb400007b9f6379b0) throttle end: throttle time(45)
10-29 15:58:37.175   712   754 E qdgralloc: Unknown Color Space = 2
10-29 15:58:37.208   712   754 E qdgralloc: Unknown Color Space = 2
10-29 15:58:37.258   712   754 E qdgralloc: Unknown Color Space = 2
10-29 15:58:37.292   712   754 E qdgralloc: Unknown Color Space = 2
10-29 15:58:37.342   712   754 E qdgralloc: Unknown Color Space = 2
10-29 15:58:37.376   712   754 E qdgralloc: Unknown Color Space = 2
10-29 15:58:37.426   712   754 E qdgralloc: Unknown Color Space = 2
10-29 15:58:37.459   712   754 E qdgralloc: Unknown Color Space = 2
10-29 15:58:37.509   712   754 E qdgralloc: Unknown Color Space = 2
10-29 15:58:37.543   712   754 E qdgralloc: Unknown Color Space = 2
10-29 15:58:37.563 18209 18231 I appium  : AppiumResponse: {"sessionId":"cb636939-470b-43e6-a9e7-9fcac828c7fc","value":{"ELEMENT":"00000000-0000-0358-ffff-ffff00001157","element-6066-11e4-a52e-4f735466cecf":"00000000-0000-0358-ffff-ffff00001157"}}
10-29 15:58:37.576   712   754 E qdgralloc: Unknown Color Space = 2
10-29 15:58:37.582 18209 18231 I appium  : channel read: GET /wd/hub/session/cb636939-470b-43e6-a9e7-9fcac828c7fc/element/00000000-0000-0358-ffff-ffff00001157/attribute/displayed
10-29 15:58:37.583 18209 18231 I appium  : GetElementAttribute command
10-29 15:58:37.589 18209 18231 I appium  : AppiumResponse: {"sessionId":"cb636939-470b-43e6-a9e7-9fcac828c7fc","value":"true"}
10-29 15:58:37.599 18209 18231 I appium  : channel read: GET /wd/hub/session/cb636939-470b-43e6-a9e7-9fcac828c7fc/element/00000000-0000-0358-ffff-ffff00001157/attribute/enabled
10-29 15:58:37.600 18209 18231 I appium  : GetElementAttribute command
10-29 15:58:37.606 18209 18231 I appium  : AppiumResponse: {"sessionId":"cb636939-470b-43e6-a9e7-9fcac828c7fc","value":"true"}
10-29 15:58:37.615 18209 18231 I appium  : channel read: POST /wd/hub/session/cb636939-470b-43e6-a9e7-9fcac828c7fc/element
10-29 15:58:37.616 18209 18231 I appium  : FindElement command
10-29 15:58:37.619 18209 18231 I appium  : method: 'id', selector: 'com.vtvcab.onsports.dev:id/onsport_position'
10-29 15:58:37.619 18209 18231 I appium  : Waiting up to 10000ms for the device to idle
10-29 15:58:37.626   712   754 E qdgralloc: Unknown Color Space = 2
10-29 15:58:37.649 18209 18231 I appium  : AppiumResponse: {"sessionId":"cb636939-470b-43e6-a9e7-9fcac828c7fc","value":{"ELEMENT":"00000000-0000-0358-ffff-ffff0000115e","element-6066-11e4-a52e-4f735466cecf":"00000000-0000-0358-ffff-ffff0000115e"}}
10-29 15:58:37.658 18209 18231 I appium  : channel read: GET /wd/hub/session/cb636939-470b-43e6-a9e7-9fcac828c7fc/element/00000000-0000-0358-ffff-ffff0000115e/text
10-29 15:58:37.659 18209 18231 I appium  : GetText command
10-29 15:58:37.659   712   754 E qdgralloc: Unknown Color Space = 2
10-29 15:58:37.667 18209 18231 I appium  : AppiumResponse: {"sessionId":"cb636939-470b-43e6-a9e7-9fcac828c7fc","value":"00:00"}
10-29 15:58:37.703 18240 18240 D EventLogger: loading [eventTime=1.15, mediaPos=0.68, window=0, period=0, false]
10-29 15:58:37.710   712   754 E qdgralloc: Unknown Color Space = 2
10-29 15:58:37.743   712   754 E qdgralloc: Unknown Color Space = 2
10-29 15:58:37.777   712   754 E qdgralloc: Unknown Color Space = 2
10-29 15:58:37.827   712   754 E qdgralloc: Unknown Color Space = 2
10-29 15:58:37.860  1454  2461 D BufferPoolAccessor2.0: bufferpool2 0xb400006e0f772af8 : 0(0 size) total buffers - 0(0 size) used buffers - 273/277 (recycle/alloc) - 5/277 (fetch/transfer)
10-29 15:58:37.860  1454  2461 D BufferPoolAccessor2.0: evictor expired: 2, evicted: 1
10-29 15:58:37.860   712   754 E qdgralloc: Unknown Color Space = 2
10-29 15:58:37.861 18240 18463 D BufferPoolAccessor2.0: bufferpool2 0xb400006fd1b60918 : 0(0 size) total buffers - 0(0 size) used buffers - 0/6 (recycle/alloc) - 6/154 (fetch/transfer)
10-29 15:58:37.862 18240 18463 D BufferPoolAccessor2.0: bufferpool2 0xb400006fd1b546d8 : 0(0 size) total buffers - 0(0 size) used buffers - 1/6 (recycle/alloc) - 7/281 (fetch/transfer)
10-29 15:58:37.862 18240 18463 D BufferPoolAccessor2.0: evictor expired: 2, evicted: 2
10-29 15:58:37.910   712   754 E qdgralloc: Unknown Color Space = 2
10-29 15:58:37.944   712   754 E qdgralloc: Unknown Color Space = 2
10-29 15:58:37.977   712   754 E qdgralloc: Unknown Color Space = 2
10-29 15:58:37.979 18209 18231 I appium  : channel read: POST /wd/hub/session/cb636939-470b-43e6-a9e7-9fcac828c7fc/element
10-29 15:58:37.980 18209 18231 I appium  : FindElement command
10-29 15:58:37.982 18209 18231 I appium  : method: 'id', selector: 'com.vtvcab.onsports.dev:id/ivForward'
10-29 15:58:37.982 18209 18231 I appium  : Waiting up to 10000ms for the device to idle
10-29 15:58:38.011 18209 18231 I appium  : AppiumResponse: {"sessionId":"cb636939-470b-43e6-a9e7-9fcac828c7fc","value":{"ELEMENT":"00000000-0000-0358-ffff-ffff00001154","element-6066-11e4-a52e-4f735466cecf":"00000000-0000-0358-ffff-ffff00001154"}}
10-29 15:58:38.022 18209 18231 I appium  : channel read: POST /wd/hub/session/cb636939-470b-43e6-a9e7-9fcac828c7fc/element/00000000-0000-0358-ffff-ffff00001154/click
10-29 15:58:38.023 18209 18231 I appium  : Click command
10-29 15:58:38.027   712   754 E qdgralloc: Unknown Color Space = 2
10-29 15:58:38.060   712   754 E qdgralloc: Unknown Color Space = 2
10-29 15:58:38.144   712   754 E qdgralloc: Unknown Color Space = 2
10-29 15:58:38.228   712   754 E qdgralloc: Unknown Color Space = 2
10-29 15:58:38.630 18240 18240 D onTouchEvent: 0
10-29 15:58:38.631 18240 18240 D onTouchEvent: hasTouchStarted false
10-29 15:58:38.631 18240 18240 D onTouchEvent: hasTouchStarted
10-29 15:58:38.634 18240 18240 D onTouchEvent: 1
10-29 15:58:38.635 18240 18240 D onTouchEvent: actionMasked
10-29 15:58:38.635 18240 18240 D EventLogger: seekStarted [eventTime=2.08, mediaPos=1.62, window=0, period=0]
10-29 15:58:38.636 18240 18240 D EventLogger: positionDiscontinuity [eventTime=2.08, mediaPos=11.62, window=0, period=0, SEEK]
10-29 15:58:38.638  2613  2613 D Oslo.StatusSensor: setting local audio playback to: false
10-29 15:58:38.639  1089  1185 D CHRE    : @ 113140.157: Nanoapp list request from client ID 1
10-29 15:58:38.640  1075  1094 D ContextHubHal: Got nanoapp list response with 14 apps
10-29 15:58:38.640 18240 18464 D CCodecBufferChannel: [c2.qti.avc.decoder#253] Ignoring stale input buffer done callback: last flush index = 66, frameIndex = 62
10-29 15:58:38.640 18240 18546 I CCodecConfig: query failed after returning 18 values (BAD_INDEX)
10-29 15:58:38.641  1089  1185 D CHRE    : @ 113140.158: Parsed nanoapp message from host: app ID 0x476f6f676c001014, endpoint 0x2, msgType 17, payload size 2
10-29 15:58:38.641  1089  1185 W OSLO    : @ 113140.158: oslo slpy: Not enough room in fifo to push message of 40 bytes
10-29 15:58:38.641  1089  1185 E OSLO    : @ 113140.158: oslo slpy: Fifo failed to push payload with id: 14
10-29 15:58:38.641  1089  1185 E OSLO    : @ 113140.158: oslo slpy: Fifo failed to push PresenceInputParameters
10-29 15:58:38.641 18240 18546 D CCodecConfig: c2 config diff is   c2::u32 output.delay.value = 18
10-29 15:58:38.641 18240 18547 D CCodecBufferChannel: [c2.qti.avc.decoder#253] flushed work; ignored.
10-29 15:58:38.641 18240 18547 D CCodecBufferChannel: [c2.qti.avc.decoder#253] Discard frames from previous generation.
10-29 15:58:38.641 18240 18547 D CCodecBufferChannel: [c2.qti.avc.decoder#253] flushed work; ignored.
10-29 15:58:38.641 18240 18547 D CCodecBufferChannel: [c2.qti.avc.decoder#253] Discard frames from previous generation.
10-29 15:58:38.641 18240 18547 D CCodecBufferChannel: [c2.qti.avc.decoder#253] flushed work; ignored.
10-29 15:58:38.641 18240 18547 D CCodecBufferChannel: [c2.qti.avc.decoder#253] Discard frames from previous generation.
10-29 15:58:38.641 18240 18547 D CCodecBufferChannel: [c2.qti.avc.decoder#253] flushed work; ignored.
10-29 15:58:38.641 18240 18547 D CCodecBufferChannel: [c2.qti.avc.decoder#253] Discard frames from previous generation.
10-29 15:58:38.641 18240 18547 D CCodecBufferChannel: [c2.qti.avc.decoder#253] flushed work; ignored.
10-29 15:58:38.641 18240 18547 D CCodecBufferChannel: [c2.qti.avc.decoder#253] Discard frames from previous generation.
10-29 15:58:38.641 18240 18546 W Codec2Client: query -- param skipped: index = 1342179345.
10-29 15:58:38.641 18240 18547 D CCodecBufferChannel: [c2.qti.avc.decoder#253] flushed work; ignored.
10-29 15:58:38.641 18240 18547 D CCodecBufferChannel: [c2.qti.avc.decoder#253] Discard frames from previous generation.
10-29 15:58:38.641 18240 18546 W Codec2Client: query -- param skipped: index = 2415921170.
10-29 15:58:38.641 18240 18547 D CCodecBufferChannel: [c2.qti.avc.decoder#253] flushed work; ignored.
10-29 15:58:38.641 18240 18547 D CCodecBufferChannel: [c2.qti.avc.decoder#253] Discard frames from previous generation.
10-29 15:58:38.641 18240 18546 W Codec2Client: query -- param skipped: index = 1610614798.
10-29 15:58:38.641 18240 18547 D CCodecBufferChannel: [c2.qti.avc.decoder#253] flushed work; ignored.
10-29 15:58:38.641 18240 18547 D CCodecBufferChannel: [c2.qti.avc.decoder#253] Discard frames from previous generation.
10-29 15:58:38.642 18240 18551 D CCodecBuffers: [c2.android.aac.decoder#605:1D-Output.Impl[N]] Client returned a buffer it does not own according to our record: 0
10-29 15:58:38.642 18240 18551 D CCodecBuffers: [c2.android.aac.decoder#605:1D-Output.Impl[N]] Client returned a buffer it does not own according to our record: 1
10-29 15:58:38.642 18240 18551 I CCodecConfig: query failed after returning 20 values (BAD_INDEX)
10-29 15:58:38.643 18240 18551 W Codec2Client: query -- param skipped: index = 1342179345.
10-29 15:58:38.643 18240 18551 W Codec2Client: query -- param skipped: index = 2415921170.
10-29 15:58:38.643 18240 18551 W Codec2Client: query -- param skipped: index = 1610614798.
10-29 15:58:38.646 18209 18231 I appium  : Waiting up to 10000ms for the device to idle
10-29 15:58:38.648 18240 18240 D EventLogger: loading [eventTime=2.09, mediaPos=11.62, window=0, period=0, true]
10-29 15:58:38.648 18240 18240 D EventLogger: state [eventTime=2.09, mediaPos=11.62, window=0, period=0, true, BUFFERING]
10-29 15:58:38.648 18240 18240 D EventLogger: isPlaying [eventTime=2.09, mediaPos=11.62, window=0, period=0, false]
10-29 15:58:38.648 18240 18240 D EventLogger: seekProcessed [eventTime=2.09, mediaPos=11.62, window=0, period=0]
10-29 15:58:38.648 18209 18231 I appium  : AppiumResponse: {"sessionId":"cb636939-470b-43e6-a9e7-9fcac828c7fc","value":null}
10-29 15:58:38.652 18240 18464 D CCodecBufferChannel: [c2.qti.avc.decoder#253] Ignoring stale input buffer done callback: last flush index = 66, frameIndex = 66
10-29 15:58:38.657  1151 14117 D AudioFlinger: Client defaulted notificationFrames to 6000 for frameCount 12000
10-29 15:58:38.658 18209 18231 I appium  : channel read: POST /wd/hub/session/cb636939-470b-43e6-a9e7-9fcac828c7fc/element
10-29 15:58:38.659  1151 14117 D AF::TrackHandle: OpPlayAudio: track:171 usage:1 not muted
10-29 15:58:38.659 18209 18231 I appium  : FindElement command
10-29 15:58:38.661 18209 18231 I appium  : method: 'id', selector: 'com.vtvcab.onsports.dev:id/onsport_position'
10-29 15:58:38.661 18209 18231 I appium  : Waiting up to 10000ms for the device to idle
10-29 15:58:38.755 18240 18240 D EventLogger: renderedFirstFrame [eventTime=2.20, mediaPos=11.62, window=0, period=0, Surface(name=null)/@0xd6a63d4]
10-29 15:58:38.759 18240 18240 D EventLogger: state [eventTime=2.20, mediaPos=11.62, window=0, period=0, true, READY]
10-29 15:58:38.760 18240 18240 D EventLogger: isPlaying [eventTime=2.21, mediaPos=11.62, window=0, period=0, true]
10-29 15:58:38.760  2613  2613 D Oslo.StatusSensor: setting local audio playback to: true
10-29 15:58:38.762  1089  1185 D CHRE    : @ 113140.280: Nanoapp list request from client ID 1
10-29 15:58:38.764  1075  1094 D ContextHubHal: Got nanoapp list response with 14 apps
10-29 15:58:38.764  1089  1185 D CHRE    : @ 113140.282: Parsed nanoapp message from host: app ID 0x476f6f676c001014, endpoint 0x2, msgType 17, payload size 4
10-29 15:58:38.764  1089  1185 W OSLO    : @ 113140.282: oslo slpy: Not enough room in fifo to push message of 40 bytes
10-29 15:58:38.764  1089  1185 E OSLO    : @ 113140.282: oslo slpy: Fifo failed to push payload with id: 14
10-29 15:58:38.764  1089  1185 E OSLO    : @ 113140.282: oslo slpy: Fifo failed to push PresenceInputParameters
10-29 15:58:38.783 18240 18538 D AudioTrack: getTimestamp_l(148): device stall time corrected using current time 57685099268118
10-29 15:58:38.845 18240 18240 D EventLogger: loading [eventTime=2.29, mediaPos=11.62, window=0, period=0, false]
10-29 15:58:38.884  6503 18564 D TrafficStats: tagSocket(137) with statsTag=0x30000900, statsUid=-1
10-29 15:58:38.885  6503 18564 D TrafficStats: tagSocket(137) with statsTag=0x30000900, statsUid=-1
10-29 15:58:38.899  6503 17454 I TcpProberController: [gms_cast_prober-1] Failed to connect to socket address: /192.168.201.235, port: 8009
10-29 15:58:38.900  6503 18427 I CastSocketMultiplexer: Stopping multiplexer...
10-29 15:58:39.177  1762  2354 D ConnectivityService: NetReassign [no changes] [c 0] [a 0] [i 2]
10-29 15:58:39.385 18209 18231 I appium  : AppiumResponse: {"sessionId":"cb636939-470b-43e6-a9e7-9fcac828c7fc","value":{"ELEMENT":"00000000-0000-0358-ffff-ffff0000115e","element-6066-11e4-a52e-4f735466cecf":"00000000-0000-0358-ffff-ffff0000115e"}}
10-29 15:58:39.403 18209 18231 I appium  : channel read: GET /wd/hub/session/cb636939-470b-43e6-a9e7-9fcac828c7fc/element/00000000-0000-0358-ffff-ffff0000115e/text
10-29 15:58:39.404 18209 18231 I appium  : GetText command
10-29 15:58:39.411 18209 18231 I appium  : AppiumResponse: {"sessionId":"cb636939-470b-43e6-a9e7-9fcac828c7fc","value":"00:12"}
10-29 15:58:39.422 18209 18231 I appium  : channel read: POST /wd/hub/session/cb636939-470b-43e6-a9e7-9fcac828c7fc/element
10-29 15:58:39.424 18209 18231 I appium  : FindElement command
10-29 15:58:39.426 18209 18231 I appium  : method: 'id', selector: 'com.vtvcab.onsports.dev:id/onsport_position'
10-29 15:58:39.426 18209 18231 I appium  : Waiting up to 10000ms for the device to idle
10-29 15:58:39.461 18209 18231 I appium  : AppiumResponse: {"sessionId":"cb636939-470b-43e6-a9e7-9fcac828c7fc","value":{"ELEMENT":"00000000-0000-0358-ffff-ffff0000115e","element-6066-11e4-a52e-4f735466cecf":"00000000-0000-0358-ffff-ffff0000115e"}}
10-29 15:58:39.482 18209 18231 I appium  : channel read: GET /wd/hub/session/cb636939-470b-43e6-a9e7-9fcac828c7fc/element/00000000-0000-0358-ffff-ffff0000115e/text
10-29 15:58:39.483 18209 18231 I appium  : GetText command
10-29 15:58:39.490 18209 18231 I appium  : AppiumResponse: {"sessionId":"cb636939-470b-43e6-a9e7-9fcac828c7fc","value":"00:12"}
10-29 15:58:39.808 18209 18231 I appium  : channel read: POST /wd/hub/session/cb636939-470b-43e6-a9e7-9fcac828c7fc/element
10-29 15:58:39.809 18209 18231 I appium  : FindElement command
10-29 15:58:39.811 18209 18231 I appium  : method: 'id', selector: 'com.vtvcab.onsports.dev:id/exo_content_frame'
10-29 15:58:39.811 18209 18231 I appium  : Waiting up to 10000ms for the device to idle
10-29 15:58:39.837 18209 18231 I appium  : AppiumResponse: {"sessionId":"cb636939-470b-43e6-a9e7-9fcac828c7fc","value":{"ELEMENT":"00000000-0000-0358-ffff-ffff0000112b","element-6066-11e4-a52e-4f735466cecf":"00000000-0000-0358-ffff-ffff0000112b"}}
10-29 15:58:39.847 18209 18231 I appium  : channel read: POST /wd/hub/session/cb636939-470b-43e6-a9e7-9fcac828c7fc/element/00000000-0000-0358-ffff-ffff0000112b/click
10-29 15:58:39.848 18209 18231 I appium  : Click command
10-29 15:58:39.869 18240 18240 D onTouchEvent: 0
10-29 15:58:39.869 18240 18240 D onTouchEvent: hasTouchStarted false
10-29 15:58:39.869 18240 18240 D onTouchEvent: hasTouchStarted
10-29 15:58:39.873 18240 18240 D onTouchEvent: 1
10-29 15:58:39.873 18240 18240 D onTouchEvent: actionMasked
10-29 15:58:39.883 18240 18240 D EventLogger: state [eventTime=3.33, mediaPos=12.60, window=0, period=0, false, READY]
10-29 15:58:39.883 18240 18240 D EventLogger: isPlaying [eventTime=3.33, mediaPos=12.60, window=0, period=0, false]
10-29 15:58:39.884 18209 18231 I appium  : Waiting up to 10000ms for the device to idle
10-29 15:58:39.884  2613  2613 D Oslo.StatusSensor: setting local audio playback to: false
10-29 15:58:39.886 18209 18231 I appium  : AppiumResponse: {"sessionId":"cb636939-470b-43e6-a9e7-9fcac828c7fc","value":null}
10-29 15:58:39.887  1075  1094 D ContextHubHal: Got nanoapp list response with 14 apps
10-29 15:58:39.887  1089  1185 D CHRE    : @ 113141.404: Nanoapp list request from client ID 1
10-29 15:58:39.887  1089  1185 D CHRE    : @ 113141.404: Parsed nanoapp message from host: app ID 0x476f6f676c001014, endpoint 0x2, msgType 17, payload size 2
10-29 15:58:39.887  1089  1185 W OSLO    : @ 113141.404: oslo slpy: Not enough room in fifo to push message of 40 bytes
10-29 15:58:39.887  1089  1185 E OSLO    : @ 113141.404: oslo slpy: Fifo failed to push payload with id: 14
10-29 15:58:39.887  1089  1185 E OSLO    : @ 113141.405: oslo slpy: Fifo failed to push PresenceInputParameters
10-29 15:58:39.893  1069  2367 W msm8974_platform: platform_send_gain_dep_cal: Usecase list is empty
10-29 15:58:40.095  1069  2367 D audio_hw_waves: ma_set_source_metadata_l: All tracks was removed from app_type(69940) device_type(2)
10-29 15:58:40.096  1069  2367 D ACDB-LOADER: ACDB -> send_audvoltable
10-29 15:58:40.096  1069  2367 D ACDB-LOADER: ACDB -> ACDB_CMD_GET_AUDPROC_INSTANCE_GAIN_DEP_STEP_TABLE_SIZE
10-29 15:58:40.096  1069  2367 D android.hardware.audio.service: Failed to fetch the lookup information of the device 00000201 
10-29 15:58:40.096  1069  2367 D ACDB-LOADER: Error: ACDB_CMD_GET_AUDPROC_INSTANCE_GAIN_DEP_STEP_TABLE_SIZE Returned = -19
10-29 15:58:40.096  1069  2367 D ACDB-LOADER: ACDB -> ACDB_CMD_GET_AUDPROC_INSTANCE_GAIN_DEP_STEP_TABLE, vol index 0
10-29 15:58:40.096  1069  2367 D android.hardware.audio.service: Failed to fetch the lookup information of the device 00000201 
10-29 15:58:40.096  1069  2367 D ACDB-LOADER: Error: ACDB AudProc vol returned = -19
10-29 15:58:40.096  1069  2367 D ACDB-LOADER: ACDB -> AUDIO_SET_VOL_CAL cal type = 40
10-29 15:58:40.096  1069  2367 W msm8974_platform: platform_send_gain_dep_cal: Usecase list is empty
10-29 15:58:40.096  1069  1123 W msm8974_platform: platform_send_gain_dep_cal: Usecase list is empty
10-29 15:58:40.098  1151  1517 W AudioFlinger: moveEffectChain_l() effect chain for session 0 not on source thread 0xb400007b9f6379b0
10-29 15:58:40.202 18209 18231 I appium  : channel read: POST /wd/hub/session/cb636939-470b-43e6-a9e7-9fcac828c7fc/element
10-29 15:58:40.204 18209 18231 I appium  : FindElement command
10-29 15:58:40.206 18209 18231 I appium  : method: 'id', selector: 'com.vtvcab.onsports.dev:id/ivRewind'
10-29 15:58:40.207 18209 18231 I appium  : Waiting up to 10000ms for the device to idle
10-29 15:58:40.515 18209 18231 I appium  : AppiumResponse: {"sessionId":"cb636939-470b-43e6-a9e7-9fcac828c7fc","value":{"ELEMENT":"00000000-0000-0358-ffff-ffff00001150","element-6066-11e4-a52e-4f735466cecf":"00000000-0000-0358-ffff-ffff00001150"}}
10-29 15:58:40.533 18209 18231 I appium  : channel read: POST /wd/hub/session/cb636939-470b-43e6-a9e7-9fcac828c7fc/element/00000000-0000-0358-ffff-ffff00001150/click
10-29 15:58:40.535 18209 18231 I appium  : Click command
10-29 15:58:40.554 18240 18240 D onTouchEvent: 0
10-29 15:58:40.554 18240 18240 D onTouchEvent: hasTouchStarted false
10-29 15:58:40.554 18240 18240 D onTouchEvent: hasTouchStarted
10-29 15:58:40.558 18240 18240 D onTouchEvent: 1
10-29 15:58:40.558 18240 18240 D onTouchEvent: actionMasked
10-29 15:58:40.559 18240 18240 D EventLogger: seekStarted [eventTime=4.01, mediaPos=12.61, window=0, period=0]
10-29 15:58:40.559 18240 18240 D EventLogger: positionDiscontinuity [eventTime=4.01, mediaPos=2.61, window=0, period=0, SEEK]
10-29 15:58:40.569 18240 18546 I CCodecConfig: query failed after returning 18 values (BAD_INDEX)
10-29 15:58:40.569 18240 18546 W Codec2Client: query -- param skipped: index = 1342179345.
10-29 15:58:40.569 18240 18546 W Codec2Client: query -- param skipped: index = 2415921170.
10-29 15:58:40.569 18240 18546 W Codec2Client: query -- param skipped: index = 1610614798.
10-29 15:58:40.569 18209 18231 I appium  : Waiting up to 10000ms for the device to idle
10-29 15:58:40.570 18240 18546 W CCodecBufferChannel: [c2.qti.avc.decoder#253] start: cannot allocate memory at all
10-29 15:58:40.570 18240 18546 E CCodec  : Resume request for Input Buffers failed
10-29 15:58:40.570 18240 18546 E MediaCodec: Codec reported err 0xfffffff4/NO_MEMORY, actionCode 0, while in state 6/STARTED
10-29 15:58:40.570 18240 18547 D CCodecBufferChannel: [c2.qti.avc.decoder#253] flushed work; ignored.
10-29 15:58:40.570 18240 18547 D CCodecBufferChannel: [c2.qti.avc.decoder#253] Discard frames from previous generation.
10-29 15:58:40.570 18240 18546 D SurfaceUtils: disconnecting from surface 0xb400007071ab5080, reason disconnectFromSurface
10-29 15:58:40.570 18240 18547 D CCodecBufferChannel: [c2.qti.avc.decoder#253] flushed work; ignored.
10-29 15:58:40.570 18240 18547 D CCodecBufferChannel: [c2.qti.avc.decoder#253] Discard frames from previous generation.
10-29 15:58:40.570 18240 18547 D CCodecBufferChannel: [c2.qti.avc.decoder#253] flushed work; ignored.
10-29 15:58:40.570 18240 18547 D CCodecBufferChannel: [c2.qti.avc.decoder#253] Discard frames from previous generation.
10-29 15:58:40.570 18240 18547 D CCodecBufferChannel: [c2.qti.avc.decoder#253] flushed work; ignored.
10-29 15:58:40.570 18240 18547 D CCodecBufferChannel: [c2.qti.avc.decoder#253] Discard frames from previous generation.
10-29 15:58:40.570 18240 18547 D CCodecBufferChannel: [c2.qti.avc.decoder#253] flushed work; ignored.
10-29 15:58:40.570 18240 18547 D CCodecBufferChannel: [c2.qti.avc.decoder#253] Discard frames from previous generation.
10-29 15:58:40.570 18240 18547 D CCodecBufferChannel: [c2.qti.avc.decoder#253] flushed work; ignored.
10-29 15:58:40.570 18240 18547 D CCodecBufferChannel: [c2.qti.avc.decoder#253] Discard frames from previous generation.
10-29 15:58:40.570 18240 18547 D CCodecBufferChannel: [c2.qti.avc.decoder#253] flushed work; ignored.
10-29 15:58:40.570 18240 18547 D CCodecBufferChannel: [c2.qti.avc.decoder#253] Discard frames from previous generation.
10-29 15:58:40.570 18240 18547 D CCodecBufferChannel: [c2.qti.avc.decoder#253] flushed work; ignored.
10-29 15:58:40.570 18240 18547 D CCodecBufferChannel: [c2.qti.avc.decoder#253] Discard frames from previous generation.
10-29 15:58:40.570 18240 18551 D CCodecBuffers: [c2.android.aac.decoder#605:1D-Output.Impl[N]] Client returned a buffer it does not own according to our record: 0
10-29 15:58:40.570 18240 18551 D CCodecBuffers: [c2.android.aac.decoder#605:1D-Output.Impl[N]] Client returned a buffer it does not own according to our record: 1
10-29 15:58:40.570 18240 18551 D CCodecBuffers: [c2.android.aac.decoder#605:1D-Output.Impl[N]] Client returned a buffer it does not own according to our record: 2
10-29 15:58:40.570 18240 18551 D CCodecBuffers: [c2.android.aac.decoder#605:1D-Output.Impl[N]] Client returned a buffer it does not own according to our record: 3
10-29 15:58:40.571 18240 18551 I CCodecConfig: query failed after returning 20 values (BAD_INDEX)
10-29 15:58:40.571 18240 18551 W Codec2Client: query -- param skipped: index = 1342179345.
10-29 15:58:40.571 18240 18551 W Codec2Client: query -- param skipped: index = 2415921170.
10-29 15:58:40.571 18240 18551 W Codec2Client: query -- param skipped: index = 1610614798.
10-29 15:58:40.572 18209 18231 I appium  : AppiumResponse: {"sessionId":"cb636939-470b-43e6-a9e7-9fcac828c7fc","value":null}
10-29 15:58:40.574 18240 18240 D EventLogger: loading [eventTime=4.02, mediaPos=2.61, window=0, period=0, true]
10-29 15:58:40.574 18240 18240 D EventLogger: state [eventTime=4.02, mediaPos=2.61, window=0, period=0, false, BUFFERING]
10-29 15:58:40.575 18240 18240 D EventLogger: seekProcessed [eventTime=4.02, mediaPos=2.61, window=0, period=0]
10-29 15:58:40.576 18240 18538 E ExoPlayerImplInternal: Renderer error: index=0, type=video, format=Format(3, null, null, video/avc, avc1.4D401F, 2222912, null, [1280, 720, -1.0], [-1, -1]), rendererSupport=YES
10-29 15:58:40.576 18240 18538 E ExoPlayerImplInternal:   com.google.android.exoplayer2.ExoPlaybackException: java.lang.IllegalStateException
10-29 15:58:40.576 18240 18538 E ExoPlayerImplInternal:       at com.google.android.exoplayer2.BaseRenderer.createRendererException(BaseRenderer.java:359)
10-29 15:58:40.576 18240 18538 E ExoPlayerImplInternal:       at com.google.android.exoplayer2.mediacodec.MediaCodecRenderer.render(MediaCodecRenderer.java:735)
10-29 15:58:40.576 18240 18538 E ExoPlayerImplInternal:       at com.google.android.exoplayer2.ExoPlayerImplInternal.doSomeWork(ExoPlayerImplInternal.java:599)
10-29 15:58:40.576 18240 18538 E ExoPlayerImplInternal:       at com.google.android.exoplayer2.ExoPlayerImplInternal.handleMessage(ExoPlayerImplInternal.java:329)
10-29 15:58:40.576 18240 18538 E ExoPlayerImplInternal:       at android.os.Handler.dispatchMessage(Handler.java:102)
10-29 15:58:40.576 18240 18538 E ExoPlayerImplInternal:       at android.os.Looper.loopOnce(Looper.java:201)
10-29 15:58:40.576 18240 18538 E ExoPlayerImplInternal:       at android.os.Looper.loop(Looper.java:288)
10-29 15:58:40.576 18240 18538 E ExoPlayerImplInternal:       at android.os.HandlerThread.run(HandlerThread.java:67)
10-29 15:58:40.576 18240 18538 E ExoPlayerImplInternal:   Caused by: java.lang.IllegalStateException
10-29 15:58:40.576 18240 18538 E ExoPlayerImplInternal:       at android.media.MediaCodec.native_dequeueOutputBuffer(Native Method)
10-29 15:58:40.576 18240 18538 E ExoPlayerImplInternal:       at android.media.MediaCodec.dequeueOutputBuffer(MediaCodec.java:3573)
10-29 15:58:40.576 18240 18538 E ExoPlayerImplInternal:       at com.google.android.exoplayer2.mediacodec.MediaCodecRenderer.drainOutputBuffer(MediaCodecRenderer.java:1520)
10-29 15:58:40.576 18240 18538 E ExoPlayerImplInternal:       at com.google.android.exoplayer2.mediacodec.MediaCodecRenderer.render(MediaCodecRenderer.java:721)
10-29 15:58:40.576 18240 18538 E ExoPlayerImplInternal:       ... 6 more
10-29 15:58:40.576 18240 18538 E ExoPlayerImplInternal: Disable failed.
10-29 15:58:40.576 18240 18538 E ExoPlayerImplInternal:   java.lang.IllegalStateException
10-29 15:58:40.576 18240 18538 E ExoPlayerImplInternal:       at android.media.MediaCodec.native_flush(Native Method)
10-29 15:58:40.576 18240 18538 E ExoPlayerImplInternal:       at android.media.MediaCodec.flush(MediaCodec.java:2388)
10-29 15:58:40.576 18240 18538 E ExoPlayerImplInternal:       at com.google.android.exoplayer2.mediacodec.MediaCodecRenderer.flushOrReleaseCodec(MediaCodecRenderer.java:777)
10-29 15:58:40.576 18240 18538 E ExoPlayerImplInternal:       at com.google.android.exoplayer2.video.MediaCodecVideoRenderer.flushOrReleaseCodec(MediaCodecVideoRenderer.java:724)
10-29 15:58:40.576 18240 18538 E ExoPlayerImplInternal:       at com.google.android.exoplayer2.mediacodec.MediaCodecRenderer.onDisabled(MediaCodecRenderer.java:636)
10-29 15:58:40.576 18240 18538 E ExoPlayerImplInternal:       at com.google.android.exoplayer2.video.MediaCodecVideoRenderer.onDisabled(MediaCodecVideoRenderer.java:569)
10-29 15:58:40.576 18240 18538 E ExoPlayerImplInternal:       at com.google.android.exoplayer2.BaseRenderer.disable(BaseRenderer.java:168)
10-29 15:58:40.576 18240 18538 E ExoPlayerImplInternal:       at com.google.android.exoplayer2.ExoPlayerImplInternal.disableRenderer(ExoPlayerImplInternal.java:1142)
10-29 15:58:40.576 18240 18538 E ExoPlayerImplInternal:       at com.google.android.exoplayer2.ExoPlayerImplInternal.resetInternal(ExoPlayerImplInternal.java:891)
10-29 15:58:40.576 18240 18538 E ExoPlayerImplInternal:       at com.google.android.exoplayer2.ExoPlayerImplInternal.stopInternal(ExoPlayerImplInternal.java:850)
10-29 15:58:40.576 18240 18538 E ExoPlayerImplInternal:       at com.google.android.exoplayer2.ExoPlayerImplInternal.handleMessage(ExoPlayerImplInternal.java:382)
10-29 15:58:40.576 18240 18538 E ExoPlayerImplInternal:       at android.os.Handler.dispatchMessage(Handler.java:102)
10-29 15:58:40.576 18240 18538 E ExoPlayerImplInternal:       at android.os.Looper.loopOnce(Looper.java:201)
10-29 15:58:40.576 18240 18538 E ExoPlayerImplInternal:       at android.os.Looper.loop(Looper.java:288)
10-29 15:58:40.576 18240 18538 E ExoPlayerImplInternal:       at android.os.HandlerThread.run(HandlerThread.java:67)
10-29 15:58:40.577 18240 18551 I CCodecConfig: query failed after returning 20 values (BAD_INDEX)
10-29 15:58:40.577 18240 18551 W Codec2Client: query -- param skipped: index = 1342179345.
10-29 15:58:40.577 18240 18551 W Codec2Client: query -- param skipped: index = 2415921170.
10-29 15:58:40.577 18240 18551 W Codec2Client: query -- param skipped: index = 1610614798.
10-29 15:58:40.578  1113  2472 D C2BqBuffer: configuring null producer: igbp_information(0)
10-29 15:58:40.578 18240 18546 D CCodecBufferChannel: [c2.qti.avc.decoder#253] MediaCodec discarded an unknown buffer
10-29 15:58:40.578 18240 18546 D CCodecBufferChannel: [c2.qti.avc.decoder#253] MediaCodec discarded an unknown buffer
10-29 15:58:40.578 18240 18546 D CCodecBufferChannel: [c2.qti.avc.decoder#253] MediaCodec discarded an unknown buffer
10-29 15:58:40.578 18240 18546 D CCodecBufferChannel: [c2.qti.avc.decoder#253] MediaCodec discarded an unknown buffer
10-29 15:58:40.579 18240 18538 E ExoPlayerImplInternal: Reset failed.
10-29 15:58:40.579 18240 18538 E ExoPlayerImplInternal:   java.lang.IllegalStateException
10-29 15:58:40.579 18240 18538 E ExoPlayerImplInternal:       at android.media.MediaCodec.native_stop(Native Method)
10-29 15:58:40.579 18240 18538 E ExoPlayerImplInternal:       at android.media.MediaCodec.stop(MediaCodec.java:2338)
10-29 15:58:40.579 18240 18538 E ExoPlayerImplInternal:       at com.google.android.exoplayer2.mediacodec.MediaCodecRenderer.releaseCodec(MediaCodecRenderer.java:671)
10-29 15:58:40.579 18240 18538 E ExoPlayerImplInternal:       at com.google.android.exoplayer2.video.MediaCodecVideoRenderer.releaseCodec(MediaCodecVideoRenderer.java:714)
10-29 15:58:40.579 18240 18538 E ExoPlayerImplInternal:       at com.google.android.exoplayer2.mediacodec.MediaCodecRenderer.onReset(MediaCodecRenderer.java:643)
10-29 15:58:40.579 18240 18538 E ExoPlayerImplInternal:       at com.google.android.exoplayer2.video.MediaCodecVideoRenderer.onReset(MediaCodecVideoRenderer.java:578)
10-29 15:58:40.579 18240 18538 E ExoPlayerImplInternal:       at com.google.android.exoplayer2.BaseRenderer.reset(BaseRenderer.java:175)
10-29 15:58:40.579 18240 18538 E ExoPlayerImplInternal:       at com.google.android.exoplayer2.ExoPlayerImplInternal.resetInternal(ExoPlayerImplInternal.java:900)
10-29 15:58:40.579 18240 18538 E ExoPlayerImplInternal:       at com.google.android.exoplayer2.ExoPlayerImplInternal.stopInternal(ExoPlayerImplInternal.java:850)
10-29 15:58:40.579 18240 18538 E ExoPlayerImplInternal:       at com.google.android.exoplayer2.ExoPlayerImplInternal.handleMessage(ExoPlayerImplInternal.java:382)
10-29 15:58:40.579 18240 18538 E ExoPlayerImplInternal:       at android.os.Handler.dispatchMessage(Handler.java:102)
10-29 15:58:40.579 18240 18538 E ExoPlayerImplInternal:       at android.os.Looper.loopOnce(Looper.java:201)
10-29 15:58:40.579 18240 18538 E ExoPlayerImplInternal:       at android.os.Looper.loop(Looper.java:288)
10-29 15:58:40.579 18240 18538 E ExoPlayerImplInternal:       at android.os.HandlerThread.run(HandlerThread.java:67)
10-29 15:58:40.579 18240 18551 D CCodecBufferChannel: [c2.android.aac.decoder#605] MediaCodec discarded an unknown buffer
10-29 15:58:40.579 18240 18551 D CCodecBufferChannel: [c2.android.aac.decoder#605] MediaCodec discarded an unknown buffer
10-29 15:58:40.579 18240 18551 D CCodecBufferChannel: [c2.android.aac.decoder#605] MediaCodec discarded an unknown buffer
10-29 15:58:40.579 18240 18551 D CCodecBufferChannel: [c2.android.aac.decoder#605] MediaCodec discarded an unknown buffer
10-29 15:58:40.580 18240 18551 I hw-BpHwBinder: onLastStrongRef automatically unlinking death recipients
10-29 15:58:40.580  1454  1580 I hw-BpHwBinder: onLastStrongRef automatically unlinking death recipients
10-29 15:58:40.580  1454  1580 I hw-BpHwBinder: onLastStrongRef automatically unlinking death recipients
10-29 15:58:40.581  1454  1580 D BufferPoolAccessor2.0: Destruction - bufferpool2 0xb400006e0f76be48 cached: 0/0M, 0/0% in use; allocs: 0, 0% recycled; transfers: 0, 0% unfetched
10-29 15:58:40.583  1113 18548 I QC2V4l2Driver: [avcD_98] Closed device driver with fd: 7
10-29 15:58:40.583  1113 18548 I QC2Comp : NOTE: handleReleaseCodec returning: 0 (OK=0)
10-29 15:58:40.583  1113  2472 I QC2Comp : NOTE: Release returning: 0 (OK=0)
10-29 15:58:40.583 18209 18231 I appium  : channel read: POST /wd/hub/session/cb636939-470b-43e6-a9e7-9fcac828c7fc/element
10-29 15:58:40.584  1113  2472 I hw-BpHwBinder: onLastStrongRef automatically unlinking death recipients
10-29 15:58:40.584  1113  2472 I QC2CompStore: Deleting component(c2.qti.avc.decoder) id(98)
10-29 15:58:40.584  1113  2472 I QC2Comp : [avcD_98] Deallocated component c2.qti.avc.decoder [id=98]
10-29 15:58:40.584 18240 18569 I hw-BpHwBinder: onLastStrongRef automatically unlinking death recipients
10-29 15:58:40.584 18240 18240 D EventLogger: decoderDisabled [eventTime=4.03, mediaPos=2.61, window=0, period=0, video]
10-29 15:58:40.585 18240 18240 D EventLogger: decoderDisabled [eventTime=4.03, mediaPos=2.61, window=0, period=0, audio]
10-29 15:58:40.585 18240 18240 D EventLogger: mediaPeriodReleased [eventTime=4.03, mediaPos=2.61, window=0, period=0]
10-29 15:58:40.585 18240 18240 E EventLogger: playerFailed [eventTime=4.03, mediaPos=2.61, window=0, period=0
10-29 15:58:40.585 18240 18240 E EventLogger:   com.google.android.exoplayer2.ExoPlaybackException: java.lang.IllegalStateException
10-29 15:58:40.585 18240 18240 E EventLogger:       at com.google.android.exoplayer2.BaseRenderer.createRendererException(BaseRenderer.java:359)
10-29 15:58:40.585 18240 18240 E EventLogger:       at com.google.android.exoplayer2.mediacodec.MediaCodecRenderer.render(MediaCodecRenderer.java:735)
10-29 15:58:40.585 18240 18240 E EventLogger:       at com.google.android.exoplayer2.ExoPlayerImplInternal.doSomeWork(ExoPlayerImplInternal.java:599)
10-29 15:58:40.585 18240 18240 E EventLogger:       at com.google.android.exoplayer2.ExoPlayerImplInternal.handleMessage(ExoPlayerImplInternal.java:329)
10-29 15:58:40.585 18240 18240 E EventLogger:       at android.os.Handler.dispatchMessage(Handler.java:102)
10-29 15:58:40.585 18240 18240 E EventLogger:       at android.os.Looper.loopOnce(Looper.java:201)
10-29 15:58:40.585 18240 18240 E EventLogger:       at android.os.Looper.loop(Looper.java:288)
10-29 15:58:40.585 18240 18240 E EventLogger:       at android.os.HandlerThread.run(HandlerThread.java:67)
10-29 15:58:40.585 18240 18240 E EventLogger:   Caused by: java.lang.IllegalStateException
10-29 15:58:40.585 18240 18240 E EventLogger:       at android.media.MediaCodec.native_dequeueOutputBuffer(Native Method)
10-29 15:58:40.585 18240 18240 E EventLogger:       at android.media.MediaCodec.dequeueOutputBuffer(MediaCodec.java:3573)
10-29 15:58:40.585 18240 18240 E EventLogger:       at com.google.android.exoplayer2.mediacodec.MediaCodecRenderer.drainOutputBuffer(MediaCodecRenderer.java:1520)
10-29 15:58:40.585 18240 18240 E EventLogger:       at com.google.android.exoplayer2.mediacodec.MediaCodecRenderer.render(MediaCodecRenderer.java:721)
10-29 15:58:40.585 18240 18240 E EventLogger:       ... 6 more
10-29 15:58:40.585 18240 18240 E EventLogger: ]
10-29 15:58:40.586 18240 18240 I ExoPlayerImpl: Release f1304b9 [ExoPlayerLib/2.11.7] [flame, Pixel 4, Google, 33] [goog.exo.core, goog.exo.ui, goog.exo.hls]
10-29 15:58:40.587 18240 18240 D EventLogger: loading [eventTime=4.03, mediaPos=2.61, window=0, false]
10-29 15:58:40.587 18240 18240 D EventLogger: state [eventTime=4.03, mediaPos=2.61, window=0, false, IDLE]
10-29 15:58:40.587 18209 18231 I appium  : FindElement command
10-29 15:58:40.589 18209 18231 I appium  : method: 'id', selector: 'com.vtvcab.onsports.dev:id/onsport_position'
10-29 15:58:40.590 18209 18231 I appium  : Waiting up to 10000ms for the device to idle
